>>> add_integer = __import__('0-add_integer').add_integer

>>> add_integer(7, 5)
12

>>> add_integer(-20, 30)
10

>>> add_integer(44, -55)
-11

>>> add_integer(-200, -300)
-500

>>> add_integer(5.11, -4)
1

>>> add_integer(-9, -1.0201)
-10

>>> add_integer(2.4, 2.4)
4

>>> add_integer("33", 10)
Traceback (most recent call last):
TypeError: a must be an integer

>>> add_integer(20, "1221")
Traceback (most recent call last):
TypeError: b must be an integer


